ARM Linker, 5.03 [Build 24] [MDK-ARM Lite]

==============================================================================

Section Cross References

    additional_q2_bcd_mul.o(RESET) refers to additional_q2_bcd_mul.o(my_code) for Reset_Handler
    additional_q2_bcd_mul.o(my_code) refers to additional_q2_bcd_mul.o(my_data) for UNPACKED_RES


==============================================================================

Image Symbol Table

    Local Symbols

    Symbol Name                              Value     Ov Type        Size  Object(Section)

    RESET                                    0x00000000   Section        8  additional_q2_bcd_mul.o(RESET)
    additional_q2_BCD_mul.s                  0x00000000   Number         0  additional_q2_bcd_mul.o ABSOLUTE
    my_code                                  0x00000008   Section      152  additional_q2_bcd_mul.o(my_code)
    VAL1                                     0x00000086   Data           2  additional_q2_bcd_mul.o(my_code)
    VAL2                                     0x00000088   Data           2  additional_q2_bcd_mul.o(my_code)
    my_data                                  0x10000000   Section       68  additional_q2_bcd_mul.o(my_data)
    UNPACKED_RES                             0x10000000   Data          64  additional_q2_bcd_mul.o(my_data)
    PACKED_RES                               0x10000040   Data           4  additional_q2_bcd_mul.o(my_data)

    Global Symbols

    Symbol Name                              Value     Ov Type        Size  Object(Section)

    BuildAttributes$$THM_ISAv4$P$D$K$B$S$PE$A:L22UL41UL21$X:L11$S22US41US21$IEEE1$IW$USESV6$~STKCKD$USESV7$~SHL$OSPACE$EBA8$STANDARDLIB$PRES8$EABIv2 0x00000000   Number         0  anon$$obj.o ABSOLUTE
    __Vectors                                0x00000000   Data           0  additional_q2_bcd_mul.o(RESET)
    Reset_Handler                            0x00000009   Thumb Code     0  additional_q2_bcd_mul.o(my_code)



==============================================================================

Memory Map of the image

  Image Entry point : 0x00000009

  Load Region LR_1 (Base: 0x00000000, Size: 0x000000e4, Max: 0xffffffff, ABSOLUTE)

    Execution Region ER_RO (Base: 0x00000000, Size: 0x000000a0, Max: 0xffffffff, ABSOLUTE)

    Base Addr    Size         Type   Attr      Idx    E Section Name        Object

    0x00000000   0x00000008   Data   RO            1    RESET               additional_q2_bcd_mul.o
    0x00000008   0x00000098   Code   RO            2  * my_code             additional_q2_bcd_mul.o


    Execution Region ER_RW (Base: 0x10000000, Size: 0x00000044, Max: 0xffffffff, ABSOLUTE)

    Base Addr    Size         Type   Attr      Idx    E Section Name        Object

    0x10000000   0x00000044   Data   RW            3    my_data             additional_q2_bcd_mul.o


    Execution Region ER_ZI (Base: 0x10000044, Size: 0x00000000, Max: 0xffffffff, ABSOLUTE)

    **** No section assigned to this execution region ****


==============================================================================

Image component sizes


      Code (inc. data)   RO Data    RW Data    ZI Data      Debug   Object Name

       152         26          8         68          0        284   additional_q2_bcd_mul.o

    ----------------------------------------------------------------------
       152         26          8         68          0        284   Object Totals
         0          0          0          0          0          0   (incl. Generated)
         0          0          0          0          0          0   (incl. Padding)

    ----------------------------------------------------------------------
         0          0          0          0          0          0   Library Totals
         0          0          0          0          0          0   (incl. Padding)

    ----------------------------------------------------------------------

==============================================================================


      Code (inc. data)   RO Data    RW Data    ZI Data      Debug   

       152         26          8         68          0        284   Grand Totals
       152         26          8         68          0        284   ELF Image Totals
       152         26          8         68          0          0   ROM Totals

==============================================================================

    Total RO  Size (Code + RO Data)                  160 (   0.16kB)
    Total RW  Size (RW Data + ZI Data)                68 (   0.07kB)
    Total ROM Size (Code + RO Data + RW Data)        228 (   0.22kB)

==============================================================================

