ARM Linker, 5.03 [Build 24] [MDK-ARM Lite]

==============================================================================

Section Cross References

    sub_128bit_nos.o(RESET) refers to sub_128bit_nos.o(mycode) for Reset_Handler
    sub_128bit_nos.o(mycode) refers to sub_128bit_nos.o(my_data) for RESULT


==============================================================================

Image Symbol Table

    Local Symbols

    Symbol Name                              Value     Ov Type        Size  Object(Section)

    RESET                                    0x00000000   Section        8  sub_128bit_nos.o(RESET)
    sub_128bit_nos.s                         0x00000000   Number         0  sub_128bit_nos.o ABSOLUTE
    mycode                                   0x00000008   Section      120  sub_128bit_nos.o(mycode)
    VAL1                                     0x00000054   Data          16  sub_128bit_nos.o(mycode)
    VAL2                                     0x00000064   Data          16  sub_128bit_nos.o(mycode)
    my_data                                  0x10000000   Section        4  sub_128bit_nos.o(my_data)
    RESULT                                   0x10000000   Data           4  sub_128bit_nos.o(my_data)

    Global Symbols

    Symbol Name                              Value     Ov Type        Size  Object(Section)

    BuildAttributes$$THM_ISAv4$P$D$K$B$S$PE$A:L22UL41UL21$X:L11$S22US41US21$IEEE1$IW$USESV6$~STKCKD$USESV7$~SHL$OSPACE$EBA8$STANDARDLIB$PRES8$EABIv2 0x00000000   Number         0  anon$$obj.o ABSOLUTE
    __Vectors                                0x00000000   Data           0  sub_128bit_nos.o(RESET)
    Reset_Handler                            0x00000009   Thumb Code     0  sub_128bit_nos.o(mycode)



==============================================================================

Memory Map of the image

  Image Entry point : 0x00000009

  Load Region LR_1 (Base: 0x00000000, Size: 0x00000084, Max: 0xffffffff, ABSOLUTE)

    Execution Region ER_RO (Base: 0x00000000, Size: 0x00000080, Max: 0xffffffff, ABSOLUTE)

    Base Addr    Size         Type   Attr      Idx    E Section Name        Object

    0x00000000   0x00000008   Data   RO            1    RESET               sub_128bit_nos.o
    0x00000008   0x00000078   Code   RO            2  * mycode              sub_128bit_nos.o


    Execution Region ER_RW (Base: 0x10000000, Size: 0x00000004, Max: 0xffffffff, ABSOLUTE)

    Base Addr    Size         Type   Attr      Idx    E Section Name        Object

    0x10000000   0x00000004   Data   RW            3    my_data             sub_128bit_nos.o


    Execution Region ER_ZI (Base: 0x10000004, Size: 0x00000000, Max: 0xffffffff, ABSOLUTE)

    **** No section assigned to this execution region ****


==============================================================================

Image component sizes


      Code (inc. data)   RO Data    RW Data    ZI Data      Debug   Object Name

       120         46          8          4          0        248   sub_128bit_nos.o

    ----------------------------------------------------------------------
       120         46          8          4          0        248   Object Totals
         0          0          0          0          0          0   (incl. Generated)
         0          0          0          0          0          0   (incl. Padding)

    ----------------------------------------------------------------------
         0          0          0          0          0          0   Library Totals
         0          0          0          0          0          0   (incl. Padding)

    ----------------------------------------------------------------------

==============================================================================


      Code (inc. data)   RO Data    RW Data    ZI Data      Debug   

       120         46          8          4          0        248   Grand Totals
       120         46          8          4          0        248   ELF Image Totals
       120         46          8          4          0          0   ROM Totals

==============================================================================

    Total RO  Size (Code + RO Data)                  128 (   0.13kB)
    Total RW  Size (RW Data + ZI Data)                 4 (   0.00kB)
    Total ROM Size (Code + RO Data + RW Data)        132 (   0.13kB)

==============================================================================

